[2023-07-30T13:31:57.314-0400][gc,heap] Heap region size: 1M
[2023-07-30T13:31:57.318-0400][gc     ] Using G1
[2023-07-30T13:31:57.318-0400][gc,heap,coops] Heap address: 0x00000000c0000000, size: 1024 MB, Compressed Oops mode: 32-bit
[2023-07-30T13:31:57.318-0400][gc,cds       ] Mark closed archive regions in map: [0x00000000fff00000, 0x00000000fff6aff8]
[2023-07-30T13:31:57.318-0400][gc,cds       ] Mark open archive regions in map: [0x00000000ffe00000, 0x00000000ffe46ff8]
[2023-07-30T13:31:57.860-0400][gc,start     ] GC(0) Pause Young (Normal) (G1 Evacuation Pause)
[2023-07-30T13:31:57.861-0400][gc,task      ] GC(0) Using 13 workers of 13 for evacuation
[2023-07-30T13:31:57.866-0400][gc,phases    ] GC(0)   Pre Evacuate Collection Set: 0.0ms
[2023-07-30T13:31:57.866-0400][gc,phases    ] GC(0)   Evacuate Collection Set: 4.5ms
[2023-07-30T13:31:57.866-0400][gc,phases    ] GC(0)   Post Evacuate Collection Set: 0.5ms
[2023-07-30T13:31:57.866-0400][gc,phases    ] GC(0)   Other: 1.0ms
[2023-07-30T13:31:57.866-0400][gc,heap      ] GC(0) Eden regions: 51->0(44)
[2023-07-30T13:31:57.866-0400][gc,heap      ] GC(0) Survivor regions: 0->7(7)
[2023-07-30T13:31:57.866-0400][gc,heap      ] GC(0) Old regions: 2->2
[2023-07-30T13:31:57.866-0400][gc,heap      ] GC(0) Humongous regions: 0->0
[2023-07-30T13:31:57.866-0400][gc,metaspace ] GC(0) Metaspace: 16048K(16768K)->16048K(16768K) NonClass: 13890K(14336K)->13890K(14336K) Class: 2157K(2432K)->2157K(2432K)
[2023-07-30T13:31:57.866-0400][gc           ] GC(0) Pause Young (Normal) (G1 Evacuation Pause) 51M->7M(1024M) 6.110ms
[2023-07-30T13:31:57.866-0400][gc,cpu       ] GC(0) User=0.05s Sys=0.00s Real=0.01s
[2023-07-30T13:31:57.996-0400][gc,start     ] GC(1) Pause Young (Concurrent Start) (Metadata GC Threshold)
[2023-07-30T13:31:57.996-0400][gc,task      ] GC(1) Using 13 workers of 13 for evacuation
[2023-07-30T13:31:58.006-0400][gc,phases    ] GC(1)   Pre Evacuate Collection Set: 0.1ms
[2023-07-30T13:31:58.006-0400][gc,phases    ] GC(1)   Evacuate Collection Set: 10.1ms
[2023-07-30T13:31:58.006-0400][gc,phases    ] GC(1)   Post Evacuate Collection Set: 0.4ms
[2023-07-30T13:31:58.006-0400][gc,phases    ] GC(1)   Other: 0.2ms
[2023-07-30T13:31:58.006-0400][gc,heap      ] GC(1) Eden regions: 18->0(50)
[2023-07-30T13:31:58.006-0400][gc,heap      ] GC(1) Survivor regions: 7->1(7)
[2023-07-30T13:31:58.006-0400][gc,heap      ] GC(1) Old regions: 2->9
[2023-07-30T13:31:58.006-0400][gc,heap      ] GC(1) Humongous regions: 0->0
[2023-07-30T13:31:58.006-0400][gc,metaspace ] GC(1) Metaspace: 20564K(21248K)->20564K(21248K) NonClass: 17784K(18176K)->17784K(18176K) Class: 2779K(3072K)->2779K(3072K)
[2023-07-30T13:31:58.006-0400][gc           ] GC(1) Pause Young (Concurrent Start) (Metadata GC Threshold) 24M->8M(1024M) 10.735ms
[2023-07-30T13:31:58.006-0400][gc,cpu       ] GC(1) User=0.10s Sys=0.00s Real=0.01s
[2023-07-30T13:31:58.006-0400][gc           ] GC(2) Concurrent Cycle
[2023-07-30T13:31:58.006-0400][gc,marking   ] GC(2) Concurrent Clear Claimed Marks
[2023-07-30T13:31:58.006-0400][gc,marking   ] GC(2) Concurrent Clear Claimed Marks 0.034ms
[2023-07-30T13:31:58.006-0400][gc,marking   ] GC(2) Concurrent Scan Root Regions
[2023-07-30T13:31:58.007-0400][gc,marking   ] GC(2) Concurrent Scan Root Regions 0.652ms
[2023-07-30T13:31:58.007-0400][gc,marking   ] GC(2) Concurrent Mark (0.694s)
[2023-07-30T13:31:58.007-0400][gc,marking   ] GC(2) Concurrent Mark From Roots
[2023-07-30T13:31:58.007-0400][gc,task      ] GC(2) Using 3 workers of 3 for marking
[2023-07-30T13:31:58.010-0400][gc,marking   ] GC(2) Concurrent Mark From Roots 2.574ms
[2023-07-30T13:31:58.010-0400][gc,marking   ] GC(2) Concurrent Preclean
[2023-07-30T13:31:58.010-0400][gc,marking   ] GC(2) Concurrent Preclean 0.064ms
[2023-07-30T13:31:58.010-0400][gc,marking   ] GC(2) Concurrent Mark (0.694s, 0.697s) 2.668ms
[2023-07-30T13:31:58.010-0400][gc,start     ] GC(2) Pause Remark
[2023-07-30T13:31:58.011-0400][gc,stringtable] GC(2) Cleaned string and symbol table, strings: 4914 processed, 0 removed, symbols: 49977 processed, 57 removed
[2023-07-30T13:31:58.011-0400][gc            ] GC(2) Pause Remark 8M->8M(1024M) 1.197ms
[2023-07-30T13:31:58.011-0400][gc,cpu        ] GC(2) User=0.00s Sys=0.00s Real=0.00s
[2023-07-30T13:31:58.011-0400][gc,marking    ] GC(2) Concurrent Rebuild Remembered Sets
[2023-07-30T13:31:58.012-0400][gc,marking    ] GC(2) Concurrent Rebuild Remembered Sets 1.272ms
[2023-07-30T13:31:58.013-0400][gc,start      ] GC(2) Pause Cleanup
[2023-07-30T13:31:58.013-0400][gc            ] GC(2) Pause Cleanup 8M->8M(1024M) 0.187ms
[2023-07-30T13:31:58.013-0400][gc,cpu        ] GC(2) User=0.00s Sys=0.00s Real=0.00s
[2023-07-30T13:31:58.013-0400][gc,marking    ] GC(2) Concurrent Cleanup for Next Mark
[2023-07-30T13:31:58.014-0400][gc,marking    ] GC(2) Concurrent Cleanup for Next Mark 1.009ms
[2023-07-30T13:31:58.014-0400][gc            ] GC(2) Concurrent Cycle 7.562ms
[2023-07-30T13:31:58.722-0400][gc,start      ] GC(3) Pause Young (Normal) (G1 Evacuation Pause)
[2023-07-30T13:31:58.722-0400][gc,task       ] GC(3) Using 13 workers of 13 for evacuation
[2023-07-30T13:31:58.723-0400][gc,phases     ] GC(3)   Pre Evacuate Collection Set: 0.0ms
[2023-07-30T13:31:58.723-0400][gc,phases     ] GC(3)   Evacuate Collection Set: 1.0ms
[2023-07-30T13:31:58.723-0400][gc,phases     ] GC(3)   Post Evacuate Collection Set: 0.4ms
[2023-07-30T13:31:58.723-0400][gc,phases     ] GC(3)   Other: 0.1ms
[2023-07-30T13:31:58.723-0400][gc,heap       ] GC(3) Eden regions: 50->0(47)
[2023-07-30T13:31:58.723-0400][gc,heap       ] GC(3) Survivor regions: 1->4(7)
[2023-07-30T13:31:58.723-0400][gc,heap       ] GC(3) Old regions: 9->9
[2023-07-30T13:31:58.723-0400][gc,heap       ] GC(3) Humongous regions: 129->129
[2023-07-30T13:31:58.723-0400][gc,metaspace  ] GC(3) Metaspace: 28672K(29824K)->28672K(29824K) NonClass: 24993K(25600K)->24993K(25600K) Class: 3678K(4224K)->3678K(4224K)
[2023-07-30T13:31:58.723-0400][gc            ] GC(3) Pause Young (Normal) (G1 Evacuation Pause) 187M->139M(1024M) 1.527ms
[2023-07-30T13:31:58.723-0400][gc,cpu        ] GC(3) User=0.01s Sys=0.00s Real=0.01s
[2023-07-30T13:31:58.919-0400][gc,start      ] GC(4) Pause Young (Concurrent Start) (Metadata GC Threshold)
[2023-07-30T13:31:58.919-0400][gc,task       ] GC(4) Using 13 workers of 13 for evacuation
[2023-07-30T13:31:58.921-0400][gc,phases     ] GC(4)   Pre Evacuate Collection Set: 0.1ms
[2023-07-30T13:31:58.921-0400][gc,phases     ] GC(4)   Evacuate Collection Set: 1.8ms
[2023-07-30T13:31:58.921-0400][gc,phases     ] GC(4)   Post Evacuate Collection Set: 0.3ms
[2023-07-30T13:31:58.921-0400][gc,phases     ] GC(4)   Other: 0.1ms
[2023-07-30T13:31:58.921-0400][gc,heap       ] GC(4) Eden regions: 34->0(44)
[2023-07-30T13:31:58.921-0400][gc,heap       ] GC(4) Survivor regions: 4->7(7)
[2023-07-30T13:31:58.921-0400][gc,heap       ] GC(4) Old regions: 9->9
[2023-07-30T13:31:58.921-0400][gc,heap       ] GC(4) Humongous regions: 129->129
[2023-07-30T13:31:58.921-0400][gc,metaspace  ] GC(4) Metaspace: 34409K(35840K)->34409K(35840K) NonClass: 30047K(30848K)->30047K(30848K) Class: 4361K(4992K)->4361K(4992K)
[2023-07-30T13:31:58.922-0400][gc            ] GC(4) Pause Young (Concurrent Start) (Metadata GC Threshold) 173M->142M(1024M) 2.410ms
[2023-07-30T13:31:58.922-0400][gc,cpu        ] GC(4) User=0.02s Sys=0.00s Real=0.00s
[2023-07-30T13:31:58.922-0400][gc            ] GC(5) Concurrent Cycle
[2023-07-30T13:31:58.922-0400][gc,marking    ] GC(5) Concurrent Clear Claimed Marks
[2023-07-30T13:31:58.922-0400][gc,marking    ] GC(5) Concurrent Clear Claimed Marks 0.022ms
[2023-07-30T13:31:58.922-0400][gc,marking    ] GC(5) Concurrent Scan Root Regions
[2023-07-30T13:31:58.923-0400][gc,marking    ] GC(5) Concurrent Scan Root Regions 0.947ms
[2023-07-30T13:31:58.923-0400][gc,marking    ] GC(5) Concurrent Mark (1.610s)
[2023-07-30T13:31:58.923-0400][gc,marking    ] GC(5) Concurrent Mark From Roots
[2023-07-30T13:31:58.923-0400][gc,task       ] GC(5) Using 3 workers of 3 for marking
[2023-07-30T13:31:58.924-0400][gc,marking    ] GC(5) Concurrent Mark From Roots 1.814ms
[2023-07-30T13:31:58.924-0400][gc,marking    ] GC(5) Concurrent Preclean
[2023-07-30T13:31:58.924-0400][gc,marking    ] GC(5) Concurrent Preclean 0.054ms
[2023-07-30T13:31:58.924-0400][gc,marking    ] GC(5) Concurrent Mark (1.610s, 1.611s) 1.903ms
[2023-07-30T13:31:58.925-0400][gc,start      ] GC(5) Pause Remark
[2023-07-30T13:31:58.927-0400][gc,stringtable] GC(5) Cleaned string and symbol table, strings: 10105 processed, 11 removed, symbols: 78658 processed, 16 removed
[2023-07-30T13:31:58.927-0400][gc            ] GC(5) Pause Remark 143M->143M(1024M) 1.964ms
[2023-07-30T13:31:58.927-0400][gc,cpu        ] GC(5) User=0.02s Sys=0.00s Real=0.00s
[2023-07-30T13:31:58.927-0400][gc,marking    ] GC(5) Concurrent Rebuild Remembered Sets
[2023-07-30T13:31:58.928-0400][gc,marking    ] GC(5) Concurrent Rebuild Remembered Sets 1.170ms
[2023-07-30T13:31:58.928-0400][gc,start      ] GC(5) Pause Cleanup
[2023-07-30T13:31:58.928-0400][gc            ] GC(5) Pause Cleanup 143M->143M(1024M) 0.165ms
[2023-07-30T13:31:58.928-0400][gc,cpu        ] GC(5) User=0.00s Sys=0.00s Real=0.00s
[2023-07-30T13:31:58.928-0400][gc,marking    ] GC(5) Concurrent Cleanup for Next Mark
[2023-07-30T13:31:58.931-0400][gc,marking    ] GC(5) Concurrent Cleanup for Next Mark 2.501ms
[2023-07-30T13:31:58.931-0400][gc            ] GC(5) Concurrent Cycle 9.379ms
[2023-07-30T13:32:09.271-0400][gc,start      ] GC(6) Pause Young (Normal) (G1 Evacuation Pause)
[2023-07-30T13:32:09.271-0400][gc,task       ] GC(6) Using 13 workers of 13 for evacuation
[2023-07-30T13:32:09.275-0400][gc,phases     ] GC(6)   Pre Evacuate Collection Set: 0.0ms
[2023-07-30T13:32:09.275-0400][gc,phases     ] GC(6)   Evacuate Collection Set: 3.0ms
[2023-07-30T13:32:09.275-0400][gc,phases     ] GC(6)   Post Evacuate Collection Set: 0.5ms
[2023-07-30T13:32:09.275-0400][gc,phases     ] GC(6)   Other: 0.1ms
[2023-07-30T13:32:09.275-0400][gc,heap       ] GC(6) Eden regions: 44->0(45)
[2023-07-30T13:32:09.275-0400][gc,heap       ] GC(6) Survivor regions: 7->6(7)
[2023-07-30T13:32:09.275-0400][gc,heap       ] GC(6) Old regions: 9->12
[2023-07-30T13:32:09.275-0400][gc,heap       ] GC(6) Humongous regions: 183->129
[2023-07-30T13:32:09.275-0400][gc,metaspace  ] GC(6) Metaspace: 40458K(42624K)->40458K(42624K) NonClass: 35035K(36096K)->35035K(36096K) Class: 5423K(6528K)->5423K(6528K)
[2023-07-30T13:32:09.275-0400][gc            ] GC(6) Pause Young (Normal) (G1 Evacuation Pause) 240M->145M(1024M) 3.649ms
[2023-07-30T13:32:09.275-0400][gc,cpu        ] GC(6) User=0.00s Sys=0.04s Real=0.01s
[2023-07-30T13:40:49.236-0400][gc,start      ] GC(7) Pause Young (Normal) (G1 Evacuation Pause)
[2023-07-30T13:40:49.237-0400][gc,task       ] GC(7) Using 13 workers of 13 for evacuation
[2023-07-30T13:40:49.239-0400][gc,phases     ] GC(7)   Pre Evacuate Collection Set: 0.1ms
[2023-07-30T13:40:49.239-0400][gc,phases     ] GC(7)   Evacuate Collection Set: 2.2ms
[2023-07-30T13:40:49.239-0400][gc,phases     ] GC(7)   Post Evacuate Collection Set: 0.5ms
[2023-07-30T13:40:49.239-0400][gc,phases     ] GC(7)   Other: 0.3ms
[2023-07-30T13:40:49.239-0400][gc,heap       ] GC(7) Eden regions: 45->0(45)
[2023-07-30T13:40:49.239-0400][gc,heap       ] GC(7) Survivor regions: 6->6(7)
[2023-07-30T13:40:49.239-0400][gc,heap       ] GC(7) Old regions: 12->15
[2023-07-30T13:40:49.239-0400][gc,heap       ] GC(7) Humongous regions: 129->129
[2023-07-30T13:40:49.239-0400][gc,metaspace  ] GC(7) Metaspace: 43575K(46336K)->43575K(46336K) NonClass: 37676K(39168K)->37676K(39168K) Class: 5898K(7168K)->5898K(7168K)
[2023-07-30T13:40:49.239-0400][gc            ] GC(7) Pause Young (Normal) (G1 Evacuation Pause) 190M->148M(1024M) 3.076ms
[2023-07-30T13:40:49.239-0400][gc,cpu        ] GC(7) User=0.02s Sys=0.01s Real=0.00s
[2023-07-30T13:48:24.515-0400][gc,start      ] GC(8) Pause Young (Normal) (G1 Evacuation Pause)
[2023-07-30T13:48:24.515-0400][gc,task       ] GC(8) Using 13 workers of 13 for evacuation
[2023-07-30T13:48:24.517-0400][gc,phases     ] GC(8)   Pre Evacuate Collection Set: 0.1ms
[2023-07-30T13:48:24.517-0400][gc,phases     ] GC(8)   Evacuate Collection Set: 1.4ms
[2023-07-30T13:48:24.517-0400][gc,phases     ] GC(8)   Post Evacuate Collection Set: 0.4ms
[2023-07-30T13:48:24.517-0400][gc,phases     ] GC(8)   Other: 0.1ms
[2023-07-30T13:48:24.517-0400][gc,heap       ] GC(8) Eden regions: 45->0(47)
[2023-07-30T13:48:24.517-0400][gc,heap       ] GC(8) Survivor regions: 6->4(7)
[2023-07-30T13:48:24.517-0400][gc,heap       ] GC(8) Old regions: 15->18
[2023-07-30T13:48:24.517-0400][gc,heap       ] GC(8) Humongous regions: 129->129
[2023-07-30T13:48:24.517-0400][gc,metaspace  ] GC(8) Metaspace: 44843K(47872K)->44843K(47872K) NonClass: 38620K(40192K)->38620K(40192K) Class: 6222K(7680K)->6222K(7680K)
[2023-07-30T13:48:24.517-0400][gc            ] GC(8) Pause Young (Normal) (G1 Evacuation Pause) 193M->148M(1024M) 2.100ms
[2023-07-30T13:48:24.517-0400][gc,cpu        ] GC(8) User=0.02s Sys=0.00s Real=0.00s
[2023-07-30T13:54:46.135-0400][gc,start      ] GC(9) Pause Young (Normal) (G1 Evacuation Pause)
[2023-07-30T13:54:46.135-0400][gc,task       ] GC(9) Using 13 workers of 13 for evacuation
[2023-07-30T13:54:46.137-0400][gc,phases     ] GC(9)   Pre Evacuate Collection Set: 0.0ms
[2023-07-30T13:54:46.137-0400][gc,phases     ] GC(9)   Evacuate Collection Set: 1.3ms
[2023-07-30T13:54:46.137-0400][gc,phases     ] GC(9)   Post Evacuate Collection Set: 0.6ms
[2023-07-30T13:54:46.137-0400][gc,phases     ] GC(9)   Other: 0.1ms
[2023-07-30T13:54:46.137-0400][gc,heap       ] GC(9) Eden regions: 47->0(46)
[2023-07-30T13:54:46.137-0400][gc,heap       ] GC(9) Survivor regions: 4->5(7)
[2023-07-30T13:54:46.137-0400][gc,heap       ] GC(9) Old regions: 18->18
[2023-07-30T13:54:46.137-0400][gc,heap       ] GC(9) Humongous regions: 129->129
[2023-07-30T13:54:46.137-0400][gc,metaspace  ] GC(9) Metaspace: 45752K(49024K)->45752K(49024K) NonClass: 39256K(40960K)->39256K(40960K) Class: 6495K(8064K)->6495K(8064K)
[2023-07-30T13:54:46.137-0400][gc            ] GC(9) Pause Young (Normal) (G1 Evacuation Pause) 195M->149M(1024M) 2.073ms
[2023-07-30T13:54:46.137-0400][gc,cpu        ] GC(9) User=0.02s Sys=0.00s Real=0.00s
[2023-07-30T14:08:29.236-0400][gc,start      ] GC(10) Pause Young (Normal) (G1 Evacuation Pause)
[2023-07-30T14:08:29.236-0400][gc,task       ] GC(10) Using 13 workers of 13 for evacuation
[2023-07-30T14:08:29.238-0400][gc,phases     ] GC(10)   Pre Evacuate Collection Set: 0.0ms
[2023-07-30T14:08:29.238-0400][gc,phases     ] GC(10)   Evacuate Collection Set: 1.3ms
[2023-07-30T14:08:29.238-0400][gc,phases     ] GC(10)   Post Evacuate Collection Set: 0.4ms
[2023-07-30T14:08:29.238-0400][gc,phases     ] GC(10)   Other: 0.1ms
[2023-07-30T14:08:29.238-0400][gc,heap       ] GC(10) Eden regions: 46->0(67)
[2023-07-30T14:08:29.238-0400][gc,heap       ] GC(10) Survivor regions: 5->4(7)
[2023-07-30T14:08:29.238-0400][gc,heap       ] GC(10) Old regions: 18->18
[2023-07-30T14:08:29.238-0400][gc,heap       ] GC(10) Humongous regions: 129->129
[2023-07-30T14:08:29.238-0400][gc,metaspace  ] GC(10) Metaspace: 46892K(50560K)->46892K(50560K) NonClass: 40095K(41984K)->40095K(41984K) Class: 6796K(8576K)->6796K(8576K)
[2023-07-30T14:08:29.238-0400][gc            ] GC(10) Pause Young (Normal) (G1 Evacuation Pause) 195M->148M(1024M) 1.948ms
[2023-07-30T14:08:29.238-0400][gc,cpu        ] GC(10) User=0.01s Sys=0.00s Real=0.00s
[2023-07-30T14:20:14.616-0400][gc,start      ] GC(11) Pause Young (Normal) (G1 Evacuation Pause)
[2023-07-30T14:20:14.616-0400][gc,task       ] GC(11) Using 13 workers of 13 for evacuation
[2023-07-30T14:20:14.619-0400][gc,phases     ] GC(11)   Pre Evacuate Collection Set: 0.0ms
[2023-07-30T14:20:14.619-0400][gc,phases     ] GC(11)   Evacuate Collection Set: 2.2ms
[2023-07-30T14:20:14.619-0400][gc,phases     ] GC(11)   Post Evacuate Collection Set: 0.6ms
[2023-07-30T14:20:14.619-0400][gc,phases     ] GC(11)   Other: 0.1ms
[2023-07-30T14:20:14.619-0400][gc,heap       ] GC(11) Eden regions: 67->0(461)
[2023-07-30T14:20:14.619-0400][gc,heap       ] GC(11) Survivor regions: 4->4(9)
[2023-07-30T14:20:14.619-0400][gc,heap       ] GC(11) Old regions: 18->18
[2023-07-30T14:20:14.619-0400][gc,heap       ] GC(11) Humongous regions: 129->129
[2023-07-30T14:20:14.619-0400][gc,metaspace  ] GC(11) Metaspace: 47098K(50816K)->47098K(50816K) NonClass: 40291K(42240K)->40291K(42240K) Class: 6807K(8576K)->6807K(8576K)
[2023-07-30T14:20:14.619-0400][gc            ] GC(11) Pause Young (Normal) (G1 Evacuation Pause) 215M->149M(1024M) 2.959ms
[2023-07-30T14:20:14.619-0400][gc,cpu        ] GC(11) User=0.02s Sys=0.00s Real=0.00s
[2023-07-30T16:14:44.236-0400][gc,start      ] GC(12) Pause Young (Normal) (G1 Evacuation Pause)
[2023-07-30T16:14:44.236-0400][gc,task       ] GC(12) Using 13 workers of 13 for evacuation
[2023-07-30T16:14:44.240-0400][gc,phases     ] GC(12)   Pre Evacuate Collection Set: 0.0ms
[2023-07-30T16:14:44.240-0400][gc,phases     ] GC(12)   Evacuate Collection Set: 3.2ms
[2023-07-30T16:14:44.240-0400][gc,phases     ] GC(12)   Post Evacuate Collection Set: 0.7ms
[2023-07-30T16:14:44.240-0400][gc,phases     ] GC(12)   Other: 0.2ms
[2023-07-30T16:14:44.240-0400][gc,heap       ] GC(12) Eden regions: 461->0(469)
[2023-07-30T16:14:44.240-0400][gc,heap       ] GC(12) Survivor regions: 4->6(59)
[2023-07-30T16:14:44.240-0400][gc,heap       ] GC(12) Old regions: 18->18
[2023-07-30T16:14:44.240-0400][gc,heap       ] GC(12) Humongous regions: 129->129
[2023-07-30T16:14:44.240-0400][gc,metaspace  ] GC(12) Metaspace: 47905K(51584K)->47905K(51584K) NonClass: 41086K(43008K)->41086K(43008K) Class: 6818K(8576K)->6818K(8576K)
[2023-07-30T16:14:44.240-0400][gc            ] GC(12) Pause Young (Normal) (G1 Evacuation Pause) 610M->151M(1024M) 4.149ms
[2023-07-30T16:14:44.240-0400][gc,cpu        ] GC(12) User=0.03s Sys=0.01s Real=0.00s
[2023-07-30T18:06:04.236-0400][gc,start      ] GC(13) Pause Young (Normal) (G1 Evacuation Pause)
[2023-07-30T18:06:04.237-0400][gc,task       ] GC(13) Using 13 workers of 13 for evacuation
[2023-07-30T18:06:04.240-0400][gc,phases     ] GC(13)   Pre Evacuate Collection Set: 0.0ms
[2023-07-30T18:06:04.240-0400][gc,phases     ] GC(13)   Evacuate Collection Set: 2.9ms
[2023-07-30T18:06:04.240-0400][gc,phases     ] GC(13)   Post Evacuate Collection Set: 0.7ms
[2023-07-30T18:06:04.240-0400][gc,phases     ] GC(13)   Other: 0.3ms
[2023-07-30T18:06:04.240-0400][gc,heap       ] GC(13) Eden regions: 469->0(509)
[2023-07-30T18:06:04.240-0400][gc,heap       ] GC(13) Survivor regions: 6->7(60)
[2023-07-30T18:06:04.240-0400][gc,heap       ] GC(13) Old regions: 18->18
[2023-07-30T18:06:04.240-0400][gc,heap       ] GC(13) Humongous regions: 129->129
[2023-07-30T18:06:04.240-0400][gc,metaspace  ] GC(13) Metaspace: 48355K(52096K)->48355K(52096K) NonClass: 41531K(43520K)->41531K(43520K) Class: 6824K(8576K)->6824K(8576K)
[2023-07-30T18:06:04.240-0400][gc            ] GC(13) Pause Young (Normal) (G1 Evacuation Pause) 620M->152M(1024M) 4.026ms
[2023-07-30T18:06:04.240-0400][gc,cpu        ] GC(13) User=0.02s Sys=0.01s Real=0.00s
[2023-07-30T19:46:14.952-0400][gc,start      ] GC(14) Pause Young (Normal) (G1 Evacuation Pause)
[2023-07-30T19:46:14.952-0400][gc,task       ] GC(14) Using 13 workers of 13 for evacuation
[2023-07-30T19:46:14.959-0400][gc,phases     ] GC(14)   Pre Evacuate Collection Set: 0.0ms
[2023-07-30T19:46:14.959-0400][gc,phases     ] GC(14)   Evacuate Collection Set: 5.3ms
[2023-07-30T19:46:14.959-0400][gc,phases     ] GC(14)   Post Evacuate Collection Set: 1.9ms
[2023-07-30T19:46:14.959-0400][gc,phases     ] GC(14)   Other: 0.3ms
[2023-07-30T19:46:14.959-0400][gc,heap       ] GC(14) Eden regions: 509->0(541)
[2023-07-30T19:46:14.959-0400][gc,heap       ] GC(14) Survivor regions: 7->8(65)
[2023-07-30T19:46:14.959-0400][gc,heap       ] GC(14) Old regions: 18->18
[2023-07-30T19:46:14.959-0400][gc,heap       ] GC(14) Humongous regions: 129->129
[2023-07-30T19:46:14.959-0400][gc,metaspace  ] GC(14) Metaspace: 49499K(53376K)->49499K(53376K) NonClass: 42669K(44800K)->42669K(44800K) Class: 6829K(8576K)->6829K(8576K)
[2023-07-30T19:46:14.959-0400][gc            ] GC(14) Pause Young (Normal) (G1 Evacuation Pause) 661M->153M(1024M) 7.660ms
[2023-07-30T19:46:14.959-0400][gc,cpu        ] GC(14) User=0.00s Sys=0.07s Real=0.01s
[2023-07-30T21:25:32.500-0400][gc,start      ] GC(15) Pause Young (Normal) (G1 Evacuation Pause)
[2023-07-30T21:25:32.501-0400][gc,task       ] GC(15) Using 13 workers of 13 for evacuation
[2023-07-30T21:25:32.505-0400][gc,phases     ] GC(15)   Pre Evacuate Collection Set: 0.0ms
[2023-07-30T21:25:32.505-0400][gc,phases     ] GC(15)   Evacuate Collection Set: 2.7ms
[2023-07-30T21:25:32.505-0400][gc,phases     ] GC(15)   Post Evacuate Collection Set: 0.8ms
[2023-07-30T21:25:32.505-0400][gc,phases     ] GC(15)   Other: 1.4ms
[2023-07-30T21:25:32.505-0400][gc,heap       ] GC(15) Eden regions: 541->0(605)
[2023-07-30T21:25:32.505-0400][gc,heap       ] GC(15) Survivor regions: 8->9(69)
[2023-07-30T21:25:32.505-0400][gc,heap       ] GC(15) Old regions: 18->18
[2023-07-30T21:25:32.505-0400][gc,heap       ] GC(15) Humongous regions: 129->129
[2023-07-30T21:25:32.505-0400][gc,metaspace  ] GC(15) Metaspace: 50113K(54144K)->50113K(54144K) NonClass: 43270K(45568K)->43270K(45568K) Class: 6842K(8576K)->6842K(8576K)
[2023-07-30T21:25:32.505-0400][gc            ] GC(15) Pause Young (Normal) (G1 Evacuation Pause) 694M->154M(1024M) 5.008ms
[2023-07-30T21:25:32.505-0400][gc,cpu        ] GC(15) User=0.04s Sys=0.00s Real=0.01s
[2023-07-30T22:45:53.881-0400][gc,heap,exit  ] Heap
[2023-07-30T22:45:53.881-0400][gc,heap,exit  ]  garbage-first heap   total 1048576K, used 727198K [0x00000000c0000000, 0x0000000100000000)
[2023-07-30T22:45:53.881-0400][gc,heap,exit  ]   region size 1024K, 567 young (580608K), 9 survivors (9216K)
[2023-07-30T22:45:53.881-0400][gc,heap,exit  ]  Metaspace       used 50839K, capacity 54850K, committed 55040K, reserved 1095680K
[2023-07-30T22:45:53.881-0400][gc,heap,exit  ]   class space    used 7050K, capacity 8846K, committed 8960K, reserved 1048576K
