[2023-07-31T15:34:41.804-0400][gc,heap] Heap region size: 1M
[2023-07-31T15:34:41.808-0400][gc     ] Using G1
[2023-07-31T15:34:41.808-0400][gc,heap,coops] Heap address: 0x00000000c0000000, size: 1024 MB, Compressed Oops mode: 32-bit
[2023-07-31T15:34:41.808-0400][gc,cds       ] Mark closed archive regions in map: [0x00000000fff00000, 0x00000000fff6aff8]
[2023-07-31T15:34:41.808-0400][gc,cds       ] Mark open archive regions in map: [0x00000000ffe00000, 0x00000000ffe46ff8]
[2023-07-31T15:34:42.413-0400][gc,start     ] GC(0) Pause Young (Normal) (G1 Evacuation Pause)
[2023-07-31T15:34:42.414-0400][gc,task      ] GC(0) Using 13 workers of 13 for evacuation
[2023-07-31T15:34:42.420-0400][gc,phases    ] GC(0)   Pre Evacuate Collection Set: 0.0ms
[2023-07-31T15:34:42.420-0400][gc,phases    ] GC(0)   Evacuate Collection Set: 5.5ms
[2023-07-31T15:34:42.420-0400][gc,phases    ] GC(0)   Post Evacuate Collection Set: 0.4ms
[2023-07-31T15:34:42.420-0400][gc,phases    ] GC(0)   Other: 1.3ms
[2023-07-31T15:34:42.420-0400][gc,heap      ] GC(0) Eden regions: 51->0(44)
[2023-07-31T15:34:42.420-0400][gc,heap      ] GC(0) Survivor regions: 0->7(7)
[2023-07-31T15:34:42.420-0400][gc,heap      ] GC(0) Old regions: 2->2
[2023-07-31T15:34:42.420-0400][gc,heap      ] GC(0) Humongous regions: 0->0
[2023-07-31T15:34:42.420-0400][gc,metaspace ] GC(0) Metaspace: 16018K(16768K)->16018K(16768K) NonClass: 13860K(14336K)->13860K(14336K) Class: 2157K(2432K)->2157K(2432K)
[2023-07-31T15:34:42.420-0400][gc           ] GC(0) Pause Young (Normal) (G1 Evacuation Pause) 51M->7M(1024M) 7.297ms
[2023-07-31T15:34:42.420-0400][gc,cpu       ] GC(0) User=0.01s Sys=0.06s Real=0.01s
[2023-07-31T15:34:42.578-0400][gc,start     ] GC(1) Pause Young (Concurrent Start) (Metadata GC Threshold)
[2023-07-31T15:34:42.578-0400][gc,task      ] GC(1) Using 13 workers of 13 for evacuation
[2023-07-31T15:34:42.595-0400][gc,phases    ] GC(1)   Pre Evacuate Collection Set: 0.1ms
[2023-07-31T15:34:42.595-0400][gc,phases    ] GC(1)   Evacuate Collection Set: 16.1ms
[2023-07-31T15:34:42.595-0400][gc,phases    ] GC(1)   Post Evacuate Collection Set: 0.5ms
[2023-07-31T15:34:42.595-0400][gc,phases    ] GC(1)   Other: 0.5ms
[2023-07-31T15:34:42.595-0400][gc,heap      ] GC(1) Eden regions: 18->0(50)
[2023-07-31T15:34:42.595-0400][gc,heap      ] GC(1) Survivor regions: 7->1(7)
[2023-07-31T15:34:42.595-0400][gc,heap      ] GC(1) Old regions: 2->9
[2023-07-31T15:34:42.595-0400][gc,heap      ] GC(1) Humongous regions: 0->0
[2023-07-31T15:34:42.595-0400][gc,metaspace ] GC(1) Metaspace: 20579K(21248K)->20579K(21248K) NonClass: 17791K(18176K)->17791K(18176K) Class: 2788K(3072K)->2788K(3072K)
[2023-07-31T15:34:42.595-0400][gc           ] GC(1) Pause Young (Concurrent Start) (Metadata GC Threshold) 24M->8M(1024M) 17.252ms
[2023-07-31T15:34:42.595-0400][gc,cpu       ] GC(1) User=0.06s Sys=0.01s Real=0.02s
[2023-07-31T15:34:42.595-0400][gc           ] GC(2) Concurrent Cycle
[2023-07-31T15:34:42.595-0400][gc,marking   ] GC(2) Concurrent Clear Claimed Marks
[2023-07-31T15:34:42.595-0400][gc,marking   ] GC(2) Concurrent Clear Claimed Marks 0.034ms
[2023-07-31T15:34:42.595-0400][gc,marking   ] GC(2) Concurrent Scan Root Regions
[2023-07-31T15:34:42.596-0400][gc,marking   ] GC(2) Concurrent Scan Root Regions 0.602ms
[2023-07-31T15:34:42.596-0400][gc,marking   ] GC(2) Concurrent Mark (0.793s)
[2023-07-31T15:34:42.596-0400][gc,marking   ] GC(2) Concurrent Mark From Roots
[2023-07-31T15:34:42.596-0400][gc,task      ] GC(2) Using 3 workers of 3 for marking
[2023-07-31T15:34:42.598-0400][gc,marking   ] GC(2) Concurrent Mark From Roots 2.290ms
[2023-07-31T15:34:42.598-0400][gc,marking   ] GC(2) Concurrent Preclean
[2023-07-31T15:34:42.598-0400][gc,marking   ] GC(2) Concurrent Preclean 0.077ms
[2023-07-31T15:34:42.598-0400][gc,marking   ] GC(2) Concurrent Mark (0.793s, 0.796s) 2.430ms
[2023-07-31T15:34:42.598-0400][gc,start     ] GC(2) Pause Remark
[2023-07-31T15:34:42.599-0400][gc,stringtable] GC(2) Cleaned string and symbol table, strings: 4915 processed, 0 removed, symbols: 50152 processed, 58 removed
[2023-07-31T15:34:42.600-0400][gc            ] GC(2) Pause Remark 8M->8M(1024M) 1.241ms
[2023-07-31T15:34:42.600-0400][gc,cpu        ] GC(2) User=0.01s Sys=0.00s Real=0.00s
[2023-07-31T15:34:42.600-0400][gc,marking    ] GC(2) Concurrent Rebuild Remembered Sets
[2023-07-31T15:34:42.601-0400][gc,marking    ] GC(2) Concurrent Rebuild Remembered Sets 1.140ms
[2023-07-31T15:34:42.601-0400][gc,start      ] GC(2) Pause Cleanup
[2023-07-31T15:34:42.601-0400][gc            ] GC(2) Pause Cleanup 8M->8M(1024M) 0.219ms
[2023-07-31T15:34:42.601-0400][gc,cpu        ] GC(2) User=0.00s Sys=0.00s Real=0.00s
[2023-07-31T15:34:42.601-0400][gc,marking    ] GC(2) Concurrent Cleanup for Next Mark
[2023-07-31T15:34:42.602-0400][gc,marking    ] GC(2) Concurrent Cleanup for Next Mark 1.293ms
[2023-07-31T15:34:42.602-0400][gc            ] GC(2) Concurrent Cycle 7.507ms
[2023-07-31T15:34:43.469-0400][gc,start      ] GC(3) Pause Young (Normal) (G1 Evacuation Pause)
[2023-07-31T15:34:43.469-0400][gc,task       ] GC(3) Using 13 workers of 13 for evacuation
[2023-07-31T15:34:43.470-0400][gc,phases     ] GC(3)   Pre Evacuate Collection Set: 0.0ms
[2023-07-31T15:34:43.470-0400][gc,phases     ] GC(3)   Evacuate Collection Set: 1.1ms
[2023-07-31T15:34:43.470-0400][gc,phases     ] GC(3)   Post Evacuate Collection Set: 0.3ms
[2023-07-31T15:34:43.470-0400][gc,phases     ] GC(3)   Other: 0.1ms
[2023-07-31T15:34:43.470-0400][gc,heap       ] GC(3) Eden regions: 50->0(47)
[2023-07-31T15:34:43.470-0400][gc,heap       ] GC(3) Survivor regions: 1->4(7)
[2023-07-31T15:34:43.470-0400][gc,heap       ] GC(3) Old regions: 9->9
[2023-07-31T15:34:43.470-0400][gc,heap       ] GC(3) Humongous regions: 129->129
[2023-07-31T15:34:43.470-0400][gc,metaspace  ] GC(3) Metaspace: 28643K(29824K)->28643K(29824K) NonClass: 24987K(25600K)->24987K(25600K) Class: 3656K(4224K)->3656K(4224K)
[2023-07-31T15:34:43.470-0400][gc            ] GC(3) Pause Young (Normal) (G1 Evacuation Pause) 187M->139M(1024M) 1.558ms
[2023-07-31T15:34:43.470-0400][gc,cpu        ] GC(3) User=0.01s Sys=0.00s Real=0.00s
[2023-07-31T15:34:43.691-0400][gc,start      ] GC(4) Pause Young (Concurrent Start) (Metadata GC Threshold)
[2023-07-31T15:34:43.691-0400][gc,task       ] GC(4) Using 13 workers of 13 for evacuation
[2023-07-31T15:34:43.693-0400][gc,phases     ] GC(4)   Pre Evacuate Collection Set: 0.1ms
[2023-07-31T15:34:43.693-0400][gc,phases     ] GC(4)   Evacuate Collection Set: 1.6ms
[2023-07-31T15:34:43.693-0400][gc,phases     ] GC(4)   Post Evacuate Collection Set: 0.4ms
[2023-07-31T15:34:43.693-0400][gc,phases     ] GC(4)   Other: 0.2ms
[2023-07-31T15:34:43.693-0400][gc,heap       ] GC(4) Eden regions: 35->0(44)
[2023-07-31T15:34:43.693-0400][gc,heap       ] GC(4) Survivor regions: 4->7(7)
[2023-07-31T15:34:43.693-0400][gc,heap       ] GC(4) Old regions: 9->9
[2023-07-31T15:34:43.693-0400][gc,heap       ] GC(4) Humongous regions: 129->129
[2023-07-31T15:34:43.693-0400][gc,metaspace  ] GC(4) Metaspace: 34378K(35840K)->34378K(35840K) NonClass: 29992K(30848K)->29992K(30848K) Class: 4385K(4992K)->4385K(4992K)
[2023-07-31T15:34:43.693-0400][gc            ] GC(4) Pause Young (Concurrent Start) (Metadata GC Threshold) 174M->142M(1024M) 2.282ms
[2023-07-31T15:34:43.693-0400][gc,cpu        ] GC(4) User=0.02s Sys=0.00s Real=0.00s
[2023-07-31T15:34:43.693-0400][gc            ] GC(5) Concurrent Cycle
[2023-07-31T15:34:43.693-0400][gc,marking    ] GC(5) Concurrent Clear Claimed Marks
[2023-07-31T15:34:43.693-0400][gc,marking    ] GC(5) Concurrent Clear Claimed Marks 0.023ms
[2023-07-31T15:34:43.693-0400][gc,marking    ] GC(5) Concurrent Scan Root Regions
[2023-07-31T15:34:43.694-0400][gc,marking    ] GC(5) Concurrent Scan Root Regions 0.959ms
[2023-07-31T15:34:43.694-0400][gc,marking    ] GC(5) Concurrent Mark (1.892s)
[2023-07-31T15:34:43.694-0400][gc,marking    ] GC(5) Concurrent Mark From Roots
[2023-07-31T15:34:43.694-0400][gc,task       ] GC(5) Using 3 workers of 3 for marking
[2023-07-31T15:34:43.696-0400][gc,marking    ] GC(5) Concurrent Mark From Roots 1.843ms
[2023-07-31T15:34:43.696-0400][gc,marking    ] GC(5) Concurrent Preclean
[2023-07-31T15:34:43.696-0400][gc,marking    ] GC(5) Concurrent Preclean 0.051ms
[2023-07-31T15:34:43.696-0400][gc,marking    ] GC(5) Concurrent Mark (1.892s, 1.893s) 1.928ms
[2023-07-31T15:34:43.696-0400][gc,start      ] GC(5) Pause Remark
[2023-07-31T15:34:43.697-0400][gc,stringtable] GC(5) Cleaned string and symbol table, strings: 10185 processed, 13 removed, symbols: 78653 processed, 17 removed
[2023-07-31T15:34:43.698-0400][gc            ] GC(5) Pause Remark 143M->143M(1024M) 1.354ms
[2023-07-31T15:34:43.698-0400][gc,cpu        ] GC(5) User=0.01s Sys=0.01s Real=0.00s
[2023-07-31T15:34:43.698-0400][gc,marking    ] GC(5) Concurrent Rebuild Remembered Sets
[2023-07-31T15:34:43.700-0400][gc,marking    ] GC(5) Concurrent Rebuild Remembered Sets 2.602ms
[2023-07-31T15:34:43.700-0400][gc,start      ] GC(5) Pause Cleanup
[2023-07-31T15:34:43.701-0400][gc            ] GC(5) Pause Cleanup 143M->143M(1024M) 0.149ms
[2023-07-31T15:34:43.701-0400][gc,cpu        ] GC(5) User=0.01s Sys=0.00s Real=0.00s
[2023-07-31T15:34:43.701-0400][gc,marking    ] GC(5) Concurrent Cleanup for Next Mark
[2023-07-31T15:34:43.720-0400][gc,marking    ] GC(5) Concurrent Cleanup for Next Mark 19.321ms
[2023-07-31T15:34:43.720-0400][gc            ] GC(5) Concurrent Cycle 26.932ms
[2023-07-31T15:34:44.231-0400][gc,start      ] GC(6) Pause Young (Normal) (G1 Evacuation Pause)
[2023-07-31T15:34:44.231-0400][gc,task       ] GC(6) Using 13 workers of 13 for evacuation
[2023-07-31T15:34:44.235-0400][gc,phases     ] GC(6)   Pre Evacuate Collection Set: 0.0ms
[2023-07-31T15:34:44.235-0400][gc,phases     ] GC(6)   Evacuate Collection Set: 2.9ms
[2023-07-31T15:34:44.235-0400][gc,phases     ] GC(6)   Post Evacuate Collection Set: 0.7ms
[2023-07-31T15:34:44.235-0400][gc,phases     ] GC(6)   Other: 0.1ms
[2023-07-31T15:34:44.235-0400][gc,heap       ] GC(6) Eden regions: 44->0(45)
[2023-07-31T15:34:44.235-0400][gc,heap       ] GC(6) Survivor regions: 7->6(7)
[2023-07-31T15:34:44.235-0400][gc,heap       ] GC(6) Old regions: 9->12
[2023-07-31T15:34:44.235-0400][gc,heap       ] GC(6) Humongous regions: 249->135
[2023-07-31T15:34:44.235-0400][gc,metaspace  ] GC(6) Metaspace: 40067K(42240K)->40067K(42240K) NonClass: 34715K(35840K)->34715K(35840K) Class: 5351K(6400K)->5351K(6400K)
[2023-07-31T15:34:44.235-0400][gc            ] GC(6) Pause Young (Normal) (G1 Evacuation Pause) 306M->150M(1024M) 3.812ms
[2023-07-31T15:34:44.235-0400][gc,cpu        ] GC(6) User=0.03s Sys=0.00s Real=0.00s
[2023-07-31T15:39:05.945-0400][gc,start      ] GC(7) Pause Young (Normal) (G1 Evacuation Pause)
[2023-07-31T15:39:05.945-0400][gc,task       ] GC(7) Using 13 workers of 13 for evacuation
[2023-07-31T15:39:05.947-0400][gc,phases     ] GC(7)   Pre Evacuate Collection Set: 0.1ms
[2023-07-31T15:39:05.947-0400][gc,phases     ] GC(7)   Evacuate Collection Set: 1.9ms
[2023-07-31T15:39:05.947-0400][gc,phases     ] GC(7)   Post Evacuate Collection Set: 0.6ms
[2023-07-31T15:39:05.947-0400][gc,phases     ] GC(7)   Other: 0.3ms
[2023-07-31T15:39:05.947-0400][gc,heap       ] GC(7) Eden regions: 45->0(46)
[2023-07-31T15:39:05.947-0400][gc,heap       ] GC(7) Survivor regions: 6->5(7)
[2023-07-31T15:39:05.947-0400][gc,heap       ] GC(7) Old regions: 12->15
[2023-07-31T15:39:05.948-0400][gc,heap       ] GC(7) Humongous regions: 243->129
[2023-07-31T15:39:05.948-0400][gc,metaspace  ] GC(7) Metaspace: 45856K(49408K)->45856K(49408K) NonClass: 39149K(40960K)->39149K(40960K) Class: 6707K(8448K)->6707K(8448K)
[2023-07-31T15:39:05.948-0400][gc            ] GC(7) Pause Young (Normal) (G1 Evacuation Pause) 303M->147M(1024M) 2.908ms
[2023-07-31T15:39:05.948-0400][gc,cpu        ] GC(7) User=0.02s Sys=0.00s Real=0.00s
[2023-07-31T15:44:10.357-0400][gc,start      ] GC(8) Pause Young (Normal) (G1 Evacuation Pause)
[2023-07-31T15:44:10.357-0400][gc,task       ] GC(8) Using 13 workers of 13 for evacuation
[2023-07-31T15:44:10.359-0400][gc,phases     ] GC(8)   Pre Evacuate Collection Set: 0.1ms
[2023-07-31T15:44:10.359-0400][gc,phases     ] GC(8)   Evacuate Collection Set: 1.5ms
[2023-07-31T15:44:10.359-0400][gc,phases     ] GC(8)   Post Evacuate Collection Set: 0.5ms
[2023-07-31T15:44:10.359-0400][gc,phases     ] GC(8)   Other: 0.2ms
[2023-07-31T15:44:10.359-0400][gc,heap       ] GC(8) Eden regions: 46->0(47)
[2023-07-31T15:44:10.359-0400][gc,heap       ] GC(8) Survivor regions: 5->4(7)
[2023-07-31T15:44:10.359-0400][gc,heap       ] GC(8) Old regions: 15->18
[2023-07-31T15:44:10.359-0400][gc,heap       ] GC(8) Humongous regions: 129->129
[2023-07-31T15:44:10.359-0400][gc,metaspace  ] GC(8) Metaspace: 46880K(50432K)->46880K(50432K) NonClass: 40117K(41984K)->40117K(41984K) Class: 6763K(8448K)->6763K(8448K)
[2023-07-31T15:44:10.360-0400][gc            ] GC(8) Pause Young (Normal) (G1 Evacuation Pause) 193M->148M(1024M) 3.544ms
[2023-07-31T15:44:10.360-0400][gc,cpu        ] GC(8) User=0.02s Sys=0.00s Real=0.01s
[2023-07-31T15:49:04.501-0400][gc,start      ] GC(9) Pause Young (Normal) (G1 Evacuation Pause)
[2023-07-31T15:49:04.501-0400][gc,task       ] GC(9) Using 13 workers of 13 for evacuation
[2023-07-31T15:49:04.503-0400][gc,phases     ] GC(9)   Pre Evacuate Collection Set: 0.1ms
[2023-07-31T15:49:04.503-0400][gc,phases     ] GC(9)   Evacuate Collection Set: 1.6ms
[2023-07-31T15:49:04.503-0400][gc,phases     ] GC(9)   Post Evacuate Collection Set: 0.4ms
[2023-07-31T15:49:04.503-0400][gc,phases     ] GC(9)   Other: 0.2ms
[2023-07-31T15:49:04.503-0400][gc,heap       ] GC(9) Eden regions: 47->0(48)
[2023-07-31T15:49:04.503-0400][gc,heap       ] GC(9) Survivor regions: 4->3(7)
[2023-07-31T15:49:04.503-0400][gc,heap       ] GC(9) Old regions: 18->19
[2023-07-31T15:49:04.503-0400][gc,heap       ] GC(9) Humongous regions: 129->129
[2023-07-31T15:49:04.503-0400][gc,metaspace  ] GC(9) Metaspace: 47339K(51072K)->47339K(51072K) NonClass: 40553K(42496K)->40553K(42496K) Class: 6786K(8576K)->6786K(8576K)
[2023-07-31T15:49:04.503-0400][gc            ] GC(9) Pause Young (Normal) (G1 Evacuation Pause) 195M->149M(1024M) 2.329ms
[2023-07-31T15:49:04.503-0400][gc,cpu        ] GC(9) User=0.02s Sys=0.01s Real=0.00s
[2023-07-31T15:54:48.980-0400][gc,start      ] GC(10) Pause Young (Normal) (G1 Evacuation Pause)
[2023-07-31T15:54:48.981-0400][gc,task       ] GC(10) Using 13 workers of 13 for evacuation
[2023-07-31T15:54:48.983-0400][gc,phases     ] GC(10)   Pre Evacuate Collection Set: 0.1ms
[2023-07-31T15:54:48.983-0400][gc,phases     ] GC(10)   Evacuate Collection Set: 1.3ms
[2023-07-31T15:54:48.983-0400][gc,phases     ] GC(10)   Post Evacuate Collection Set: 0.4ms
[2023-07-31T15:54:48.983-0400][gc,phases     ] GC(10)   Other: 1.4ms
[2023-07-31T15:54:48.983-0400][gc,heap       ] GC(10) Eden regions: 48->0(50)
[2023-07-31T15:54:48.983-0400][gc,heap       ] GC(10) Survivor regions: 3->4(7)
[2023-07-31T15:54:48.983-0400][gc,heap       ] GC(10) Old regions: 19->19
[2023-07-31T15:54:48.983-0400][gc,heap       ] GC(10) Humongous regions: 129->129
[2023-07-31T15:54:48.983-0400][gc,metaspace  ] GC(10) Metaspace: 47671K(51328K)->47671K(51328K) NonClass: 40885K(42752K)->40885K(42752K) Class: 6786K(8576K)->6786K(8576K)
[2023-07-31T15:54:48.983-0400][gc            ] GC(10) Pause Young (Normal) (G1 Evacuation Pause) 197M->150M(1024M) 3.185ms
[2023-07-31T15:54:48.983-0400][gc,cpu        ] GC(10) User=0.02s Sys=0.00s Real=0.00s
[2023-07-31T16:02:42.525-0400][gc,start      ] GC(11) Pause Young (Normal) (G1 Evacuation Pause)
[2023-07-31T16:02:42.525-0400][gc,task       ] GC(11) Using 13 workers of 13 for evacuation
[2023-07-31T16:02:42.528-0400][gc,phases     ] GC(11)   Pre Evacuate Collection Set: 0.1ms
[2023-07-31T16:02:42.528-0400][gc,phases     ] GC(11)   Evacuate Collection Set: 2.9ms
[2023-07-31T16:02:42.528-0400][gc,phases     ] GC(11)   Post Evacuate Collection Set: 0.6ms
[2023-07-31T16:02:42.528-0400][gc,phases     ] GC(11)   Other: 0.1ms
[2023-07-31T16:02:42.528-0400][gc,heap       ] GC(11) Eden regions: 50->0(59)
[2023-07-31T16:02:42.528-0400][gc,heap       ] GC(11) Survivor regions: 4->6(7)
[2023-07-31T16:02:42.528-0400][gc,heap       ] GC(11) Old regions: 19->19
[2023-07-31T16:02:42.528-0400][gc,heap       ] GC(11) Humongous regions: 129->129
[2023-07-31T16:02:42.528-0400][gc,metaspace  ] GC(11) Metaspace: 47686K(51328K)->47686K(51328K) NonClass: 40900K(42752K)->40900K(42752K) Class: 6786K(8576K)->6786K(8576K)
[2023-07-31T16:02:42.528-0400][gc            ] GC(11) Pause Young (Normal) (G1 Evacuation Pause) 200M->151M(1024M) 3.777ms
[2023-07-31T16:02:42.528-0400][gc,cpu        ] GC(11) User=0.04s Sys=0.00s Real=0.01s
[2023-07-31T16:11:56.886-0400][gc,start      ] GC(12) Pause Young (Normal) (G1 Evacuation Pause)
[2023-07-31T16:11:56.886-0400][gc,task       ] GC(12) Using 13 workers of 13 for evacuation
[2023-07-31T16:11:56.891-0400][gc,phases     ] GC(12)   Pre Evacuate Collection Set: 0.1ms
[2023-07-31T16:11:56.891-0400][gc,phases     ] GC(12)   Evacuate Collection Set: 2.9ms
[2023-07-31T16:11:56.891-0400][gc,phases     ] GC(12)   Post Evacuate Collection Set: 2.1ms
[2023-07-31T16:11:56.891-0400][gc,phases     ] GC(12)   Other: 0.2ms
[2023-07-31T16:11:56.891-0400][gc,heap       ] GC(12) Eden regions: 59->0(68)
[2023-07-31T16:11:56.891-0400][gc,heap       ] GC(12) Survivor regions: 6->7(9)
[2023-07-31T16:11:56.891-0400][gc,heap       ] GC(12) Old regions: 19->20
[2023-07-31T16:11:56.891-0400][gc,heap       ] GC(12) Humongous regions: 129->129
[2023-07-31T16:11:56.891-0400][gc,metaspace  ] GC(12) Metaspace: 47742K(51584K)->47742K(51584K) NonClass: 40950K(43008K)->40950K(43008K) Class: 6791K(8576K)->6791K(8576K)
[2023-07-31T16:11:56.891-0400][gc            ] GC(12) Pause Young (Normal) (G1 Evacuation Pause) 210M->154M(1024M) 5.293ms
[2023-07-31T16:11:56.891-0400][gc,cpu        ] GC(12) User=0.04s Sys=0.00s Real=0.01s
[2023-07-31T16:22:40.962-0400][gc,start      ] GC(13) Pause Young (Normal) (G1 Evacuation Pause)
[2023-07-31T16:22:40.962-0400][gc,task       ] GC(13) Using 13 workers of 13 for evacuation
[2023-07-31T16:22:40.967-0400][gc,phases     ] GC(13)   Pre Evacuate Collection Set: 0.1ms
[2023-07-31T16:22:40.967-0400][gc,phases     ] GC(13)   Evacuate Collection Set: 4.9ms
[2023-07-31T16:22:40.967-0400][gc,phases     ] GC(13)   Post Evacuate Collection Set: 0.3ms
[2023-07-31T16:22:40.967-0400][gc,phases     ] GC(13)   Other: 0.2ms
[2023-07-31T16:22:40.967-0400][gc,heap       ] GC(13) Eden regions: 68->0(73)
[2023-07-31T16:22:40.967-0400][gc,heap       ] GC(13) Survivor regions: 7->7(10)
[2023-07-31T16:22:40.967-0400][gc,heap       ] GC(13) Old regions: 20->22
[2023-07-31T16:22:40.967-0400][gc,heap       ] GC(13) Humongous regions: 129->129
[2023-07-31T16:22:40.967-0400][gc,metaspace  ] GC(13) Metaspace: 47753K(51584K)->47753K(51584K) NonClass: 40962K(43008K)->40962K(43008K) Class: 6791K(8576K)->6791K(8576K)
[2023-07-31T16:22:40.967-0400][gc            ] GC(13) Pause Young (Normal) (G1 Evacuation Pause) 222M->155M(1024M) 5.537ms
[2023-07-31T16:22:40.967-0400][gc,cpu        ] GC(13) User=0.04s Sys=0.01s Real=0.00s
[2023-07-31T16:31:50.780-0400][gc,start      ] GC(14) Pause Young (Normal) (G1 Evacuation Pause)
[2023-07-31T16:31:50.780-0400][gc,task       ] GC(14) Using 13 workers of 13 for evacuation
[2023-07-31T16:31:50.787-0400][gc,phases     ] GC(14)   Pre Evacuate Collection Set: 0.1ms
[2023-07-31T16:31:50.787-0400][gc,phases     ] GC(14)   Evacuate Collection Set: 6.0ms
[2023-07-31T16:31:50.787-0400][gc,phases     ] GC(14)   Post Evacuate Collection Set: 1.0ms
[2023-07-31T16:31:50.787-0400][gc,phases     ] GC(14)   Other: 0.2ms
[2023-07-31T16:31:50.787-0400][gc,heap       ] GC(14) Eden regions: 73->0(107)
[2023-07-31T16:31:50.787-0400][gc,heap       ] GC(14) Survivor regions: 7->7(10)
[2023-07-31T16:31:50.787-0400][gc,heap       ] GC(14) Old regions: 22->23
[2023-07-31T16:31:50.787-0400][gc,heap       ] GC(14) Humongous regions: 129->129
[2023-07-31T16:31:50.787-0400][gc,metaspace  ] GC(14) Metaspace: 48182K(51840K)->48182K(51840K) NonClass: 41389K(43264K)->41389K(43264K) Class: 6792K(8576K)->6792K(8576K)
[2023-07-31T16:31:50.787-0400][gc            ] GC(14) Pause Young (Normal) (G1 Evacuation Pause) 228M->157M(1024M) 7.289ms
[2023-07-31T16:31:50.787-0400][gc,cpu        ] GC(14) User=0.04s Sys=0.02s Real=0.00s
[2023-07-31T16:44:52.692-0400][gc,start      ] GC(15) Pause Young (Normal) (G1 Evacuation Pause)
[2023-07-31T16:44:52.692-0400][gc,task       ] GC(15) Using 13 workers of 13 for evacuation
[2023-07-31T16:44:52.710-0400][gc,phases     ] GC(15)   Pre Evacuate Collection Set: 0.1ms
[2023-07-31T16:44:52.710-0400][gc,phases     ] GC(15)   Evacuate Collection Set: 16.3ms
[2023-07-31T16:44:52.710-0400][gc,phases     ] GC(15)   Post Evacuate Collection Set: 1.5ms
[2023-07-31T16:44:52.710-0400][gc,phases     ] GC(15)   Other: 0.2ms
[2023-07-31T16:44:52.710-0400][gc,heap       ] GC(15) Eden regions: 107->0(118)
[2023-07-31T16:44:52.710-0400][gc,heap       ] GC(15) Survivor regions: 7->10(15)
[2023-07-31T16:44:52.710-0400][gc,heap       ] GC(15) Old regions: 23->23
[2023-07-31T16:44:52.710-0400][gc,heap       ] GC(15) Humongous regions: 129->129
[2023-07-31T16:44:52.710-0400][gc,metaspace  ] GC(15) Metaspace: 48542K(52352K)->48542K(52352K) NonClass: 41740K(43776K)->41740K(43776K) Class: 6802K(8576K)->6802K(8576K)
[2023-07-31T16:44:52.710-0400][gc            ] GC(15) Pause Young (Normal) (G1 Evacuation Pause) 264M->160M(1024M) 18.102ms
[2023-07-31T16:44:52.710-0400][gc,cpu        ] GC(15) User=0.18s Sys=0.00s Real=0.02s
[2023-07-31T17:03:08.676-0400][gc,start      ] GC(16) Pause Young (Normal) (G1 Evacuation Pause)
[2023-07-31T17:03:08.676-0400][gc,task       ] GC(16) Using 13 workers of 13 for evacuation
[2023-07-31T17:03:08.683-0400][gc,phases     ] GC(16)   Pre Evacuate Collection Set: 0.1ms
[2023-07-31T17:03:08.683-0400][gc,phases     ] GC(16)   Evacuate Collection Set: 5.9ms
[2023-07-31T17:03:08.683-0400][gc,phases     ] GC(16)   Post Evacuate Collection Set: 1.1ms
[2023-07-31T17:03:08.683-0400][gc,phases     ] GC(16)   Other: 0.2ms
[2023-07-31T17:03:08.683-0400][gc,heap       ] GC(16) Eden regions: 118->0(131)
[2023-07-31T17:03:08.683-0400][gc,heap       ] GC(16) Survivor regions: 10->9(16)
[2023-07-31T17:03:08.683-0400][gc,heap       ] GC(16) Old regions: 23->25
[2023-07-31T17:03:08.683-0400][gc,heap       ] GC(16) Humongous regions: 129->129
[2023-07-31T17:03:08.683-0400][gc,metaspace  ] GC(16) Metaspace: 48555K(52352K)->48555K(52352K) NonClass: 41753K(43776K)->41753K(43776K) Class: 6802K(8576K)->6802K(8576K)
[2023-07-31T17:03:08.683-0400][gc            ] GC(16) Pause Young (Normal) (G1 Evacuation Pause) 278M->161M(1024M) 7.305ms
[2023-07-31T17:03:08.683-0400][gc,cpu        ] GC(16) User=0.02s Sys=0.03s Real=0.01s
[2023-07-31T17:21:07.240-0400][gc,start      ] GC(17) Pause Young (Normal) (G1 Evacuation Pause)
[2023-07-31T17:21:07.240-0400][gc,task       ] GC(17) Using 13 workers of 13 for evacuation
[2023-07-31T17:21:07.260-0400][gc,phases     ] GC(17)   Pre Evacuate Collection Set: 0.1ms
[2023-07-31T17:21:07.260-0400][gc,phases     ] GC(17)   Evacuate Collection Set: 18.4ms
[2023-07-31T17:21:07.260-0400][gc,phases     ] GC(17)   Post Evacuate Collection Set: 1.3ms
[2023-07-31T17:21:07.260-0400][gc,phases     ] GC(17)   Other: 0.2ms
[2023-07-31T17:21:07.260-0400][gc,heap       ] GC(17) Eden regions: 131->0(150)
[2023-07-31T17:21:07.260-0400][gc,heap       ] GC(17) Survivor regions: 9->10(18)
[2023-07-31T17:21:07.260-0400][gc,heap       ] GC(17) Old regions: 25->25
[2023-07-31T17:21:07.260-0400][gc,heap       ] GC(17) Humongous regions: 129->129
[2023-07-31T17:21:07.260-0400][gc,metaspace  ] GC(17) Metaspace: 48772K(52608K)->48772K(52608K) NonClass: 41962K(44032K)->41962K(44032K) Class: 6809K(8576K)->6809K(8576K)
[2023-07-31T17:21:07.260-0400][gc            ] GC(17) Pause Young (Normal) (G1 Evacuation Pause) 292M->161M(1024M) 20.039ms
[2023-07-31T17:21:07.260-0400][gc,cpu        ] GC(17) User=0.20s Sys=0.00s Real=0.02s
[2023-07-31T17:36:02.089-0400][gc,start      ] GC(18) Pause Young (Normal) (G1 Evacuation Pause)
[2023-07-31T17:36:02.089-0400][gc,task       ] GC(18) Using 13 workers of 13 for evacuation
[2023-07-31T17:36:02.098-0400][gc,phases     ] GC(18)   Pre Evacuate Collection Set: 0.5ms
[2023-07-31T17:36:02.098-0400][gc,phases     ] GC(18)   Evacuate Collection Set: 6.6ms
[2023-07-31T17:36:02.098-0400][gc,phases     ] GC(18)   Post Evacuate Collection Set: 1.7ms
[2023-07-31T17:36:02.098-0400][gc,phases     ] GC(18)   Other: 0.2ms
[2023-07-31T17:36:02.098-0400][gc,heap       ] GC(18) Eden regions: 150->0(203)
[2023-07-31T17:36:02.098-0400][gc,heap       ] GC(18) Survivor regions: 10->10(20)
[2023-07-31T17:36:02.098-0400][gc,heap       ] GC(18) Old regions: 25->25
[2023-07-31T17:36:02.098-0400][gc,heap       ] GC(18) Humongous regions: 129->129
[2023-07-31T17:36:02.098-0400][gc,metaspace  ] GC(18) Metaspace: 49262K(53120K)->49262K(53120K) NonClass: 42452K(44544K)->42452K(44544K) Class: 6809K(8576K)->6809K(8576K)
[2023-07-31T17:36:02.098-0400][gc            ] GC(18) Pause Young (Normal) (G1 Evacuation Pause) 311M->161M(1024M) 9.008ms
[2023-07-31T17:36:02.098-0400][gc,cpu        ] GC(18) User=0.03s Sys=0.02s Real=0.00s
[2023-07-31T17:57:13.835-0400][gc,start      ] GC(19) Pause Young (Normal) (G1 Evacuation Pause)
[2023-07-31T17:57:13.835-0400][gc,task       ] GC(19) Using 13 workers of 13 for evacuation
[2023-07-31T17:57:13.846-0400][gc,phases     ] GC(19)   Pre Evacuate Collection Set: 0.1ms
[2023-07-31T17:57:13.846-0400][gc,phases     ] GC(19)   Evacuate Collection Set: 8.3ms
[2023-07-31T17:57:13.846-0400][gc,phases     ] GC(19)   Post Evacuate Collection Set: 2.3ms
[2023-07-31T17:57:13.846-0400][gc,phases     ] GC(19)   Other: 0.2ms
[2023-07-31T17:57:13.846-0400][gc,heap       ] GC(19) Eden regions: 202->0(271)
[2023-07-31T17:57:13.846-0400][gc,heap       ] GC(19) Survivor regions: 10->10(27)
[2023-07-31T17:57:13.846-0400][gc,heap       ] GC(19) Old regions: 25->25
[2023-07-31T17:57:13.846-0400][gc,heap       ] GC(19) Humongous regions: 129->129
[2023-07-31T17:57:13.846-0400][gc,metaspace  ] GC(19) Metaspace: 49651K(53632K)->49651K(53632K) NonClass: 42841K(45056K)->42841K(45056K) Class: 6810K(8576K)->6810K(8576K)
[2023-07-31T17:57:13.846-0400][gc            ] GC(19) Pause Young (Normal) (G1 Evacuation Pause) 363M->162M(1024M) 10.920ms
[2023-07-31T17:57:13.846-0400][gc,cpu        ] GC(19) User=0.06s Sys=0.00s Real=0.01s
[2023-07-31T18:30:59.488-0400][gc,start      ] GC(20) Pause Young (Normal) (G1 Evacuation Pause)
[2023-07-31T18:30:59.488-0400][gc,task       ] GC(20) Using 13 workers of 13 for evacuation
[2023-07-31T18:30:59.521-0400][gc,mmu        ] GC(20) MMU target violated: 21.0ms (20.0ms/21.0ms)
[2023-07-31T18:30:59.521-0400][gc,phases     ] GC(20)   Pre Evacuate Collection Set: 0.1ms
[2023-07-31T18:30:59.521-0400][gc,phases     ] GC(20)   Evacuate Collection Set: 29.7ms
[2023-07-31T18:30:59.521-0400][gc,phases     ] GC(20)   Post Evacuate Collection Set: 3.1ms
[2023-07-31T18:30:59.521-0400][gc,phases     ] GC(20)   Other: 0.2ms
[2023-07-31T18:30:59.521-0400][gc,heap       ] GC(20) Eden regions: 271->0(289)
[2023-07-31T18:30:59.521-0400][gc,heap       ] GC(20) Survivor regions: 10->11(36)
[2023-07-31T18:30:59.521-0400][gc,heap       ] GC(20) Old regions: 25->25
[2023-07-31T18:30:59.521-0400][gc,heap       ] GC(20) Humongous regions: 129->129
[2023-07-31T18:30:59.521-0400][gc,metaspace  ] GC(20) Metaspace: 49940K(53888K)->49940K(53888K) NonClass: 43130K(45312K)->43130K(45312K) Class: 6810K(8576K)->6810K(8576K)
[2023-07-31T18:30:59.521-0400][gc            ] GC(20) Pause Young (Normal) (G1 Evacuation Pause) 433M->163M(1024M) 33.119ms
[2023-07-31T18:30:59.521-0400][gc,cpu        ] GC(20) User=0.35s Sys=0.01s Real=0.03s
[2023-07-31T18:56:35.069-0400][gc,start      ] GC(21) Pause Young (Normal) (G1 Evacuation Pause)
[2023-07-31T18:56:35.069-0400][gc,task       ] GC(21) Using 13 workers of 13 for evacuation
[2023-07-31T18:56:35.090-0400][gc,mmu        ] GC(21) MMU target violated: 20.7ms (20.0ms/21.0ms)
[2023-07-31T18:56:35.090-0400][gc,phases     ] GC(21)   Pre Evacuate Collection Set: 0.1ms
[2023-07-31T18:56:35.090-0400][gc,phases     ] GC(21)   Evacuate Collection Set: 19.2ms
[2023-07-31T18:56:35.090-0400][gc,phases     ] GC(21)   Post Evacuate Collection Set: 1.4ms
[2023-07-31T18:56:35.090-0400][gc,phases     ] GC(21)   Other: 0.2ms
[2023-07-31T18:56:35.090-0400][gc,heap       ] GC(21) Eden regions: 289->0(307)
[2023-07-31T18:56:35.090-0400][gc,heap       ] GC(21) Survivor regions: 11->12(38)
[2023-07-31T18:56:35.090-0400][gc,heap       ] GC(21) Old regions: 25->25
[2023-07-31T18:56:35.090-0400][gc,heap       ] GC(21) Humongous regions: 129->129
[2023-07-31T18:56:35.090-0400][gc,metaspace  ] GC(21) Metaspace: 50632K(54656K)->50632K(54656K) NonClass: 43821K(46080K)->43821K(46080K) Class: 6811K(8576K)->6811K(8576K)
[2023-07-31T18:56:35.090-0400][gc            ] GC(21) Pause Young (Normal) (G1 Evacuation Pause) 452M->163M(1024M) 20.901ms
[2023-07-31T18:56:35.090-0400][gc,cpu        ] GC(21) User=0.23s Sys=0.00s Real=0.02s
[2023-07-31T19:34:37.284-0400][gc,start      ] GC(22) Pause Young (Normal) (G1 Evacuation Pause)
[2023-07-31T19:34:37.285-0400][gc,task       ] GC(22) Using 13 workers of 13 for evacuation
[2023-07-31T19:34:37.310-0400][gc,mmu        ] GC(22) MMU target violated: 21.0ms (20.0ms/21.0ms)
[2023-07-31T19:34:37.310-0400][gc,phases     ] GC(22)   Pre Evacuate Collection Set: 0.1ms
[2023-07-31T19:34:37.310-0400][gc,phases     ] GC(22)   Evacuate Collection Set: 23.7ms
[2023-07-31T19:34:37.310-0400][gc,phases     ] GC(22)   Post Evacuate Collection Set: 1.6ms
[2023-07-31T19:34:37.310-0400][gc,phases     ] GC(22)   Other: 0.2ms
[2023-07-31T19:34:37.310-0400][gc,heap       ] GC(22) Eden regions: 307->0(360)
[2023-07-31T19:34:37.310-0400][gc,heap       ] GC(22) Survivor regions: 12->13(40)
[2023-07-31T19:34:37.310-0400][gc,heap       ] GC(22) Old regions: 25->25
[2023-07-31T19:34:37.310-0400][gc,heap       ] GC(22) Humongous regions: 129->129
[2023-07-31T19:34:37.310-0400][gc,metaspace  ] GC(22) Metaspace: 50777K(54912K)->50777K(54912K) NonClass: 43952K(46336K)->43952K(46336K) Class: 6824K(8576K)->6824K(8576K)
[2023-07-31T19:34:37.310-0400][gc            ] GC(22) Pause Young (Normal) (G1 Evacuation Pause) 470M->164M(1024M) 25.619ms
[2023-07-31T19:34:37.310-0400][gc,cpu        ] GC(22) User=0.21s Sys=0.05s Real=0.03s
[2023-07-31T20:18:38.980-0400][gc,start      ] GC(23) Pause Young (Normal) (G1 Evacuation Pause)
[2023-07-31T20:18:38.980-0400][gc,task       ] GC(23) Using 13 workers of 13 for evacuation
[2023-07-31T20:18:39.002-0400][gc,mmu        ] GC(23) MMU target violated: 21.0ms (20.0ms/21.0ms)
[2023-07-31T20:18:39.002-0400][gc,phases     ] GC(23)   Pre Evacuate Collection Set: 0.8ms
[2023-07-31T20:18:39.002-0400][gc,phases     ] GC(23)   Evacuate Collection Set: 17.6ms
[2023-07-31T20:18:39.002-0400][gc,phases     ] GC(23)   Post Evacuate Collection Set: 3.8ms
[2023-07-31T20:18:39.002-0400][gc,phases     ] GC(23)   Other: 0.3ms
[2023-07-31T20:18:39.002-0400][gc,heap       ] GC(23) Eden regions: 360->0(600)
[2023-07-31T20:18:39.002-0400][gc,heap       ] GC(23) Survivor regions: 13->14(47)
[2023-07-31T20:18:39.002-0400][gc,heap       ] GC(23) Old regions: 25->25
[2023-07-31T20:18:39.002-0400][gc,heap       ] GC(23) Humongous regions: 129->129
[2023-07-31T20:18:39.002-0400][gc,metaspace  ] GC(23) Metaspace: 51144K(55424K)->51144K(55424K) NonClass: 44320K(46848K)->44320K(46848K) Class: 6824K(8576K)->6824K(8576K)
[2023-07-31T20:18:39.002-0400][gc            ] GC(23) Pause Young (Normal) (G1 Evacuation Pause) 524M->166M(1024M) 22.421ms
[2023-07-31T20:18:39.002-0400][gc,cpu        ] GC(23) User=0.21s Sys=0.00s Real=0.02s
[2023-07-31T21:32:39.940-0400][gc,start      ] GC(24) Pause Young (Normal) (G1 Evacuation Pause)
[2023-07-31T21:32:39.942-0400][gc,task       ] GC(24) Using 13 workers of 13 for evacuation
[2023-07-31T21:32:39.971-0400][gc,mmu        ] GC(24) MMU target violated: 21.0ms (20.0ms/21.0ms)
[2023-07-31T21:32:39.971-0400][gc,phases     ] GC(24)   Pre Evacuate Collection Set: 0.0ms
[2023-07-31T21:32:39.971-0400][gc,phases     ] GC(24)   Evacuate Collection Set: 16.8ms
[2023-07-31T21:32:39.971-0400][gc,phases     ] GC(24)   Post Evacuate Collection Set: 12.3ms
[2023-07-31T21:32:39.971-0400][gc,phases     ] GC(24)   Other: 1.7ms
[2023-07-31T21:32:39.971-0400][gc,heap       ] GC(24) Eden regions: 600->0(600)
[2023-07-31T21:32:39.971-0400][gc,heap       ] GC(24) Survivor regions: 14->14(77)
[2023-07-31T21:32:39.971-0400][gc,heap       ] GC(24) Old regions: 25->25
[2023-07-31T21:32:39.971-0400][gc,heap       ] GC(24) Humongous regions: 129->129
[2023-07-31T21:32:39.971-0400][gc,metaspace  ] GC(24) Metaspace: 51436K(55680K)->51436K(55680K) NonClass: 44605K(47104K)->44605K(47104K) Class: 6831K(8576K)->6831K(8576K)
[2023-07-31T21:32:39.971-0400][gc            ] GC(24) Pause Young (Normal) (G1 Evacuation Pause) 766M->166M(1024M) 30.838ms
[2023-07-31T21:32:39.971-0400][gc,cpu        ] GC(24) User=0.18s Sys=0.00s Real=0.03s
